------------------------------------------------------------
TimeQuest Timing Analyzer Summary
------------------------------------------------------------

Type  : Slow 1100mV 85C Model Setup 'CLOCK_50'
Slack : -31.362
TNS   : -7396.509

Type  : Slow 1100mV 85C Model Setup 'p2|VGA|mypll|altpll_component|auto_generated|generic_pll1~PLL_OUTPUT_COUNTER|divclk'
Slack : 33.322
TNS   : 0.000

Type  : Slow 1100mV 85C Model Hold 'CLOCK_50'
Slack : 0.430
TNS   : 0.000

Type  : Slow 1100mV 85C Model Hold 'p2|VGA|mypll|altpll_component|auto_generated|generic_pll1~PLL_OUTPUT_COUNTER|divclk'
Slack : 0.488
TNS   : 0.000

Type  : Slow 1100mV 85C Model Minimum Pulse Width 'p2|VGA|mypll|altpll_component|auto_generated|generic_pll1~FRACTIONAL_PLL|vcoph[0]'
Slack : 1.666
TNS   : 0.000

Type  : Slow 1100mV 85C Model Minimum Pulse Width 'CLOCK_50'
Slack : 8.430
TNS   : 0.000

Type  : Slow 1100mV 85C Model Minimum Pulse Width 'p2|VGA|mypll|altpll_component|auto_generated|generic_pll1~PLL_OUTPUT_COUNTER|divclk'
Slack : 18.423
TNS   : 0.000

Type  : Slow 1100mV 0C Model Setup 'CLOCK_50'
Slack : -33.451
TNS   : -7899.738

Type  : Slow 1100mV 0C Model Setup 'p2|VGA|mypll|altpll_component|auto_generated|generic_pll1~PLL_OUTPUT_COUNTER|divclk'
Slack : 33.298
TNS   : 0.000

Type  : Slow 1100mV 0C Model Hold 'CLOCK_50'
Slack : 0.421
TNS   : 0.000

Type  : Slow 1100mV 0C Model Hold 'p2|VGA|mypll|altpll_component|auto_generated|generic_pll1~PLL_OUTPUT_COUNTER|divclk'
Slack : 0.456
TNS   : 0.000

Type  : Slow 1100mV 0C Model Minimum Pulse Width 'p2|VGA|mypll|altpll_component|auto_generated|generic_pll1~FRACTIONAL_PLL|vcoph[0]'
Slack : 1.666
TNS   : 0.000

Type  : Slow 1100mV 0C Model Minimum Pulse Width 'CLOCK_50'
Slack : 8.351
TNS   : 0.000

Type  : Slow 1100mV 0C Model Minimum Pulse Width 'p2|VGA|mypll|altpll_component|auto_generated|generic_pll1~PLL_OUTPUT_COUNTER|divclk'
Slack : 18.375
TNS   : 0.000

Type  : Fast 1100mV 85C Model Setup 'CLOCK_50'
Slack : -1.717
TNS   : -353.589

Type  : Fast 1100mV 85C Model Setup 'p2|VGA|mypll|altpll_component|auto_generated|generic_pll1~PLL_OUTPUT_COUNTER|divclk'
Slack : 36.963
TNS   : 0.000

Type  : Fast 1100mV 85C Model Hold 'CLOCK_50'
Slack : 0.180
TNS   : 0.000

Type  : Fast 1100mV 85C Model Hold 'p2|VGA|mypll|altpll_component|auto_generated|generic_pll1~PLL_OUTPUT_COUNTER|divclk'
Slack : 0.214
TNS   : 0.000

Type  : Fast 1100mV 85C Model Minimum Pulse Width 'p2|VGA|mypll|altpll_component|auto_generated|generic_pll1~FRACTIONAL_PLL|vcoph[0]'
Slack : 1.666
TNS   : 0.000

Type  : Fast 1100mV 85C Model Minimum Pulse Width 'CLOCK_50'
Slack : 8.801
TNS   : 0.000

Type  : Fast 1100mV 85C Model Minimum Pulse Width 'p2|VGA|mypll|altpll_component|auto_generated|generic_pll1~PLL_OUTPUT_COUNTER|divclk'
Slack : 18.896
TNS   : 0.000

Type  : Fast 1100mV 0C Model Setup 'CLOCK_50'
Slack : -0.339
TNS   : -33.089

Type  : Fast 1100mV 0C Model Setup 'p2|VGA|mypll|altpll_component|auto_generated|generic_pll1~PLL_OUTPUT_COUNTER|divclk'
Slack : 37.256
TNS   : 0.000

Type  : Fast 1100mV 0C Model Hold 'CLOCK_50'
Slack : 0.171
TNS   : 0.000

Type  : Fast 1100mV 0C Model Hold 'p2|VGA|mypll|altpll_component|auto_generated|generic_pll1~PLL_OUTPUT_COUNTER|divclk'
Slack : 0.198
TNS   : 0.000

Type  : Fast 1100mV 0C Model Minimum Pulse Width 'p2|VGA|mypll|altpll_component|auto_generated|generic_pll1~FRACTIONAL_PLL|vcoph[0]'
Slack : 1.666
TNS   : 0.000

Type  : Fast 1100mV 0C Model Minimum Pulse Width 'CLOCK_50'
Slack : 8.793
TNS   : 0.000

Type  : Fast 1100mV 0C Model Minimum Pulse Width 'p2|VGA|mypll|altpll_component|auto_generated|generic_pll1~PLL_OUTPUT_COUNTER|divclk'
Slack : 18.895
TNS   : 0.000

------------------------------------------------------------
